[0.006s][info][gc,init] CardTable entry size: 512
[0.007s][info][gc     ] Using G1
[0.016s][info][gc,init] Version: 21.0.8+9-Ubuntu-0ubuntu124.04.1 (release)
[0.016s][info][gc,init] CPUs: 16 total, 16 available
[0.016s][info][gc,init] Memory: 15714M
[0.016s][info][gc,init] Large Page Support: Disabled
[0.016s][info][gc,init] NUMA Support: Disabled
[0.016s][info][gc,init] Compressed Oops: Enabled (32-bit)
[0.016s][info][gc,init] Heap Region Size: 1M
[0.016s][info][gc,init] Heap Min Capacity: 500M
[0.016s][info][gc,init] Heap Initial Capacity: 500M
[0.016s][info][gc,init] Heap Max Capacity: 1G
[0.016s][info][gc,init] Pre-touch: Disabled
[0.016s][info][gc,init] Parallel Workers: 13
[0.016s][info][gc,init] Concurrent Workers: 3
[0.016s][info][gc,init] Concurrent Refinement Workers: 13
[0.016s][info][gc,init] Periodic GC: Disabled
[0.031s][info][gc,metaspace] CDS archive(s) mapped at: [0x000079be6b000000-0x000079be6bca0000-0x000079be6bca0000), size 13238272, SharedBaseAddress: 0x000079be6b000000, ArchiveRelocationMode: 1.
[0.031s][info][gc,metaspace] Compressed class space mapped at: 0x000079be6c000000-0x000079beac000000, reserved size: 1073741824
[0.031s][info][gc,metaspace] Narrow klass base: 0x000079be6b000000, Narrow klass shift: 0, Narrow klass range: 0x100000000
[51.689s][info][gc,heap,exit] Heap
[51.689s][info][gc,heap,exit]  garbage-first heap   total 514048K, used 4658K [0x00000000c0000000, 0x0000000100000000)
[51.689s][info][gc,heap,exit]   region size 1024K, 4 young (4096K), 0 survivors (0K)
[51.689s][info][gc,heap,exit]  Metaspace       used 575K, committed 704K, reserved 1114112K
[51.689s][info][gc,heap,exit]   class space    used 45K, committed 128K, reserved 1048576K
